MPLINK 5.09, LINKER
Linker Map File - Created Tue Aug 30 23:50:55 2022

                                 Section Info
                  Section       Type    Address   Location Size(Bytes)
                ---------  ---------  ---------  ---------  ---------
                   .org_0       code   0x000000    program   0x000052
                   .cinit    romdata   0x000029    program   0x000004
.config_0FFF_BUILD/DEFAULT/PRODUCTION/MAIN.O       code   0x000fff    program   0x000002



                              Program Memory Usage 
                               Start         End      
                           ---------   ---------      
                            0x000000    0x00002a      
                            0x000fff    0x000fff      
            44 out of 2053 program addresses used, program memory utilization is 2%



                              Symbols - Sorted by Name
                     Name    Address   Location    Storage File                     
                ---------  ---------  ---------  --------- ---------                
                     MAIN   0x00000e    program     static D:\program\git\debugger\cpu_debugger.X\main.asm
                MAIN_LOOP   0x000010    program     static D:\program\git\debugger\cpu_debugger.X\main.asm
              M_WAIT_LOOP   0x00001c    program     static D:\program\git\debugger\cpu_debugger.X\main.asm
              S_WAIT_LOOP   0x000019    program     static D:\program\git\debugger\cpu_debugger.X\main.asm



                              Symbols - Sorted by Address
                     Name    Address   Location    Storage File                     
                ---------  ---------  ---------  --------- ---------                
                     MAIN   0x00000e    program     static D:\program\git\debugger\cpu_debugger.X\main.asm
                MAIN_LOOP   0x000010    program     static D:\program\git\debugger\cpu_debugger.X\main.asm
              S_WAIT_LOOP   0x000019    program     static D:\program\git\debugger\cpu_debugger.X\main.asm
              M_WAIT_LOOP   0x00001c    program     static D:\program\git\debugger\cpu_debugger.X\main.asm


